// Jest Snapshot v1, https://goo.gl/fbAQLP

exports[`minimal usage 1`] = `
Object {
  "Parameters": Object {
    "BootstrapVersion": Object {
      "Default": "/cdk-bootstrap/hnb659fds/version",
      "Description": "Version of the CDK Bootstrap resources in this environment, automatically retrieved from SSM Parameter Store. [cdk:skip]",
      "Type": "AWS::SSM::Parameter::Value<String>",
    },
  },
  "Resources": Object {
    "AWSCDKTriggerCustomResourceProviderCustomResourceProviderHandler97BECD91": Object {
      "DependsOn": Array [
        "AWSCDKTriggerCustomResourceProviderCustomResourceProviderRoleE18FAF0A",
      ],
      "Properties": Object {
        "Code": Object {
          "S3Bucket": Object {
            "Fn::Sub": "cdk-hnb659fds-assets-\${AWS::AccountId}-\${AWS::Region}",
          },
          "S3Key": "37c94ea3bc7bb6623c24299284372b368af0b6f986835e1b6ebc1fac865dfc7a.zip",
        },
        "Handler": "__entrypoint__.handler",
        "MemorySize": 128,
        "Role": Object {
          "Fn::GetAtt": Array [
            "AWSCDKTriggerCustomResourceProviderCustomResourceProviderRoleE18FAF0A",
            "Arn",
          ],
        },
        "Runtime": "nodejs14.x",
        "Timeout": 900,
      },
      "Type": "AWS::Lambda::Function",
    },
    "AWSCDKTriggerCustomResourceProviderCustomResourceProviderRoleE18FAF0A": Object {
      "Properties": Object {
        "AssumeRolePolicyDocument": Object {
          "Statement": Array [
            Object {
              "Action": "sts:AssumeRole",
              "Effect": "Allow",
              "Principal": Object {
                "Service": "lambda.amazonaws.com",
              },
            },
          ],
          "Version": "2012-10-17",
        },
        "ManagedPolicyArns": Array [
          Object {
            "Fn::Sub": "arn:\${AWS::Partition}:iam::aws:policy/service-role/AWSLambdaBasicExecutionRole",
          },
        ],
        "Policies": Array [
          Object {
            "PolicyDocument": Object {
              "Statement": Array [
                Object {
                  "Action": Array [
                    "lambda:InvokeFunction",
                  ],
                  "Effect": "Allow",
                  "Resource": Array [
                    "*",
                  ],
                },
              ],
              "Version": "2012-10-17",
            },
            "PolicyName": "Inline",
          },
        ],
      },
      "Type": "AWS::IAM::Role",
    },
    "MyTopic86869434": Object {
      "Type": "AWS::SNS::Topic",
    },
    "MyTriggerB6CCCACE": Object {
      "DeletionPolicy": "Delete",
      "DependsOn": Array [
        "MyTopic86869434",
      ],
      "Properties": Object {
        "HandlerArn": Object {
          "Ref": "MyTriggerHandlerCurrentVersionC0B6BBD40f3abd954eb77fda7e548d681c7fa667",
        },
        "ServiceToken": Object {
          "Fn::GetAtt": Array [
            "AWSCDKTriggerCustomResourceProviderCustomResourceProviderHandler97BECD91",
            "Arn",
          ],
        },
      },
      "Type": "Custom::Trigger",
      "UpdateReplacePolicy": "Delete",
    },
    "MyTriggerHandlerCurrentVersionC0B6BBD40f3abd954eb77fda7e548d681c7fa667": Object {
      "Properties": Object {
        "FunctionName": Object {
          "Ref": "MyTriggerHandlerD6B1FF23",
        },
      },
      "Type": "AWS::Lambda::Version",
    },
    "MyTriggerHandlerD6B1FF23": Object {
      "DependsOn": Array [
        "MyTriggerHandlerServiceRoleFC0CFFAB",
      ],
      "Properties": Object {
        "Code": Object {
          "ZipFile": "zoo",
        },
        "Handler": "index.handler",
        "Role": Object {
          "Fn::GetAtt": Array [
            "MyTriggerHandlerServiceRoleFC0CFFAB",
            "Arn",
          ],
        },
        "Runtime": "nodejs12.x",
      },
      "Type": "AWS::Lambda::Function",
    },
    "MyTriggerHandlerServiceRoleFC0CFFAB": Object {
      "Properties": Object {
        "AssumeRolePolicyDocument": Object {
          "Statement": Array [
            Object {
              "Action": "sts:AssumeRole",
              "Effect": "Allow",
              "Principal": Object {
                "Service": "lambda.amazonaws.com",
              },
            },
          ],
          "Version": "2012-10-17",
        },
        "ManagedPolicyArns": Array [
          Object {
            "Fn::Join": Array [
              "",
              Array [
                "arn:",
                Object {
                  "Ref": "AWS::Partition",
                },
                ":iam::aws:policy/service-role/AWSLambdaBasicExecutionRole",
              ],
            ],
          },
        ],
      },
      "Type": "AWS::IAM::Role",
    },
  },
  "Rules": Object {
    "CheckBootstrapVersion": Object {
      "Assertions": Array [
        Object {
          "Assert": Object {
            "Fn::Not": Array [
              Object {
                "Fn::Contains": Array [
                  Array [
                    "1",
                    "2",
                    "3",
                    "4",
                    "5",
                  ],
                  Object {
                    "Ref": "BootstrapVersion",
                  },
                ],
              },
            ],
          },
          "AssertDescription": "CDK bootstrap stack version 6 required. Please run 'cdk bootstrap' with a recent version of the CDK CLI.",
        },
      ],
    },
  },
}
`;
